22-Sep-2025 21:44:49.938 INFO [main] org.apache.catalina.startup.VersionLoggerListener.log Имя версии сервера:    Apache Tomcat/9.0.109
22-Sep-2025 21:44:49.946 INFO [main] org.apache.catalina.startup.VersionLoggerListener.log Сервер собран:         Sep 1 2025 12:15:33 UTC
22-Sep-2025 21:44:49.946 INFO [main] org.apache.catalina.startup.VersionLoggerListener.log Номер версии сервера:  9.0.109.0
22-Sep-2025 21:44:49.946 INFO [main] org.apache.catalina.startup.VersionLoggerListener.log OS Name:               Windows 10
22-Sep-2025 21:44:49.947 INFO [main] org.apache.catalina.startup.VersionLoggerListener.log Версия ОС:             10.0
22-Sep-2025 21:44:49.947 INFO [main] org.apache.catalina.startup.VersionLoggerListener.log Архитектура:           amd64
22-Sep-2025 21:44:49.947 INFO [main] org.apache.catalina.startup.VersionLoggerListener.log Java Home:             C:\Program Files\Java\jdk-11.0.6
22-Sep-2025 21:44:49.947 INFO [main] org.apache.catalina.startup.VersionLoggerListener.log Версия JVM:            11.0.6+8-LTS
22-Sep-2025 21:44:49.948 INFO [main] org.apache.catalina.startup.VersionLoggerListener.log Производитель JVM:     Oracle Corporation
22-Sep-2025 21:44:49.948 INFO [main] org.apache.catalina.startup.VersionLoggerListener.log CATALINA_BASE:         C:\Users\Home\IdeaProjects\Servlet3
22-Sep-2025 21:44:49.948 INFO [main] org.apache.catalina.startup.VersionLoggerListener.log CATALINA_HOME:         C:\Program Files\Appache\apache-tomcat-9.0.109\apache-tomcat-9.0.109
22-Sep-2025 21:44:49.958 INFO [main] org.apache.catalina.startup.VersionLoggerListener.log Command line argument: --add-opens=java.base/java.lang=ALL-UNNAMED
22-Sep-2025 21:44:49.959 INFO [main] org.apache.catalina.startup.VersionLoggerListener.log Command line argument: --add-opens=java.base/java.io=ALL-UNNAMED
22-Sep-2025 21:44:49.959 INFO [main] org.apache.catalina.startup.VersionLoggerListener.log Command line argument: --add-opens=java.base/java.util=ALL-UNNAMED
22-Sep-2025 21:44:49.959 INFO [main] org.apache.catalina.startup.VersionLoggerListener.log Command line argument: --add-opens=java.base/java.util.concurrent=ALL-UNNAMED
22-Sep-2025 21:44:49.959 INFO [main] org.apache.catalina.startup.VersionLoggerListener.log Command line argument: --add-opens=java.rmi/sun.rmi.transport=ALL-UNNAMED
22-Sep-2025 21:44:49.960 INFO [main] org.apache.catalina.startup.VersionLoggerListener.log Command line argument: -Dcatalina.home=C:\Program Files\Appache\apache-tomcat-9.0.109\apache-tomcat-9.0.109
22-Sep-2025 21:44:49.960 INFO [main] org.apache.catalina.startup.VersionLoggerListener.log Command line argument: -Dcatalina.base=C:\Users\Home\IdeaProjects\Servlet3
22-Sep-2025 21:44:49.960 INFO [main] org.apache.catalina.startup.VersionLoggerListener.log Command line argument: -Djava.io.tmpdir=C:\Users\Home\IdeaProjects\Servlet3\temp
22-Sep-2025 21:44:49.960 INFO [main] org.apache.catalina.startup.VersionLoggerListener.log Command line argument: -Djava.util.logging.config.file=C:\Users\Home\IdeaProjects\Servlet3\conf\logging.properties
22-Sep-2025 21:44:49.960 INFO [main] org.apache.catalina.startup.VersionLoggerListener.log Command line argument: -Djava.util.logging.manager=org.apache.juli.ClassLoaderLogManager
22-Sep-2025 21:44:49.960 INFO [main] org.apache.catalina.startup.VersionLoggerListener.log Command line argument: -javaagent:C:\Program Files\GIGA IDE\GIGA IDE Community Edition 2024.3\lib\idea_rt.jar=50793:C:\Program Files\GIGA IDE\GIGA IDE Community Edition 2024.3\bin
22-Sep-2025 21:44:49.960 INFO [main] org.apache.catalina.startup.VersionLoggerListener.log Command line argument: -Dfile.encoding=UTF-8
22-Sep-2025 21:44:49.973 INFO [main] org.apache.catalina.core.AprLifecycleListener.lifecycleEvent The Apache Tomcat Native library which allows using OpenSSL was not found on the java.library.path: [C:\Program Files\Java\jdk-11.0.6\bin;C:\Windows\Sun\Java\bin;C:\Windows\system32;C:\Windows;C:\Program Files\Common Files\Oracle\Java\javapath;C:\ProgramData\Oracle\Java\javapath;C:\Windows\system32;C:\Windows;C:\Windows\System32\Wbem;C:\Windows\System32\WindowsPowerShell\v1.0\;C:\Windows\System32\OpenSSH\;C:\Program Files (x86)\Common Files\AxxonSoft\Ipint.DriverPack\3.0.0\;C:\Program Files\Common Files\AxxonSoft\Ipint.DriverPack\3.0.0\;C:\Program Files (x86)\Microsoft SQL Server\150\DTS\Binn\;C:\Program Files\Azure Data Studio\bin;C:\Program Files\dotnet\;C:\Program Files\Git\cmd;C:\Program Files\MySQL\MySQL Shell 8.0\bin\;C:\Users\Home\AppData\Local\Programs\Python\Python37\Scripts\;C:\Users\Home\AppData\Local\Programs\Python\Python37\;C:\Users\Home\AppData\Local\Microsoft\WindowsApps;;C:\Program Files\Azure Data Studio\bin;C:\Program Files\JetBrains\IntelliJ IDEA Community Edition 2023.2.2\bin;;C:\Users\Home\AppData\Local\Programs\Microsoft VS Code\bin;.]
22-Sep-2025 21:44:50.497 INFO [main] org.apache.coyote.AbstractProtocol.init Инициализация ProtocolHandler ["http-nio-8080"]
22-Sep-2025 21:44:50.529 INFO [main] org.apache.catalina.startup.Catalina.load Server initialization in [1000] milliseconds
22-Sep-2025 21:44:50.612 INFO [main] org.apache.catalina.core.StandardService.startInternal Starting service [Catalina]
22-Sep-2025 21:44:50.612 INFO [main] org.apache.catalina.core.StandardEngine.startInternal Starting Servlet engine: [Apache Tomcat/9.0.109]
22-Sep-2025 21:44:50.625 INFO [main] org.apache.catalina.startup.HostConfig.deployDescriptor Deploying deployment descriptor [C:\Users\Home\IdeaProjects\Servlet3\conf\Catalina\localhost\ROOT.xml]
22-Sep-2025 21:44:50.737 WARNING [main] org.apache.catalina.webresources.DirResourceSet.initInternal Disabled the global canonical file name cache to protect against CVE-2024-56337 when starting the WebResourceSet at [C:\Users\Home\IdeaProjects\Servlet3\src\main\webapps] which is part of the web application []
22-Sep-2025 21:44:51.846 INFO [main] org.apache.jasper.servlet.TldScanner.scanJars At least one JAR was scanned for TLDs yet contained no TLDs. Enable debug logging for this logger for a complete list of JARs that were scanned but no TLDs were found in them. Skipping unneeded JARs during scanning can improve startup time and JSP compilation time.
22-Sep-2025 21:44:52.466 WARNING [main] org.apache.catalina.util.SessionIdGeneratorBase.createSecureRandom Creation of SecureRandom instance for session ID generation using [SHA1PRNG] took [594] milliseconds.
22-Sep-2025 21:44:52.490 INFO [main] org.apache.catalina.startup.HostConfig.deployDescriptor Deployment of deployment descriptor [C:\Users\Home\IdeaProjects\Servlet3\conf\Catalina\localhost\ROOT.xml] has finished in [1 865] ms
22-Sep-2025 21:44:52.496 INFO [main] org.apache.coyote.AbstractProtocol.start Starting ProtocolHandler ["http-nio-8080"]
22-Sep-2025 21:44:53.091 INFO [main] org.apache.catalina.startup.Catalina.start Server startup in [2562] milliseconds
22-Sep-2025 21:45:14.773 INFO [Thread-1] org.apache.coyote.AbstractProtocol.pause Pausing ProtocolHandler ["http-nio-8080"]
22-Sep-2025 21:45:15.918 INFO [Thread-1] org.apache.catalina.core.StandardService.stopInternal Stopping service [Catalina]
22-Sep-2025 21:45:15.934 INFO [Thread-1] org.apache.coyote.AbstractProtocol.stop Stopping ProtocolHandler ["http-nio-8080"]
22-Sep-2025 21:45:15.948 INFO [Thread-1] org.apache.coyote.AbstractProtocol.destroy Destroying ProtocolHandler ["http-nio-8080"]
22-Sep-2025 21:48:48.456 INFO [main] org.apache.catalina.startup.VersionLoggerListener.log Имя версии сервера:    Apache Tomcat/9.0.109
22-Sep-2025 21:48:48.464 INFO [main] org.apache.catalina.startup.VersionLoggerListener.log Сервер собран:         Sep 1 2025 12:15:33 UTC
22-Sep-2025 21:48:48.464 INFO [main] org.apache.catalina.startup.VersionLoggerListener.log Номер версии сервера:  9.0.109.0
22-Sep-2025 21:48:48.464 INFO [main] org.apache.catalina.startup.VersionLoggerListener.log OS Name:               Windows 10
22-Sep-2025 21:48:48.465 INFO [main] org.apache.catalina.startup.VersionLoggerListener.log Версия ОС:             10.0
22-Sep-2025 21:48:48.465 INFO [main] org.apache.catalina.startup.VersionLoggerListener.log Архитектура:           amd64
22-Sep-2025 21:48:48.465 INFO [main] org.apache.catalina.startup.VersionLoggerListener.log Java Home:             C:\Program Files\Java\jdk-11.0.6
22-Sep-2025 21:48:48.465 INFO [main] org.apache.catalina.startup.VersionLoggerListener.log Версия JVM:            11.0.6+8-LTS
22-Sep-2025 21:48:48.465 INFO [main] org.apache.catalina.startup.VersionLoggerListener.log Производитель JVM:     Oracle Corporation
22-Sep-2025 21:48:48.466 INFO [main] org.apache.catalina.startup.VersionLoggerListener.log CATALINA_BASE:         C:\Users\Home\IdeaProjects\Servlet3
22-Sep-2025 21:48:48.466 INFO [main] org.apache.catalina.startup.VersionLoggerListener.log CATALINA_HOME:         C:\Program Files\Appache\apache-tomcat-9.0.109\apache-tomcat-9.0.109
22-Sep-2025 21:48:48.475 INFO [main] org.apache.catalina.startup.VersionLoggerListener.log Command line argument: --add-opens=java.base/java.lang=ALL-UNNAMED
22-Sep-2025 21:48:48.475 INFO [main] org.apache.catalina.startup.VersionLoggerListener.log Command line argument: --add-opens=java.base/java.io=ALL-UNNAMED
22-Sep-2025 21:48:48.475 INFO [main] org.apache.catalina.startup.VersionLoggerListener.log Command line argument: --add-opens=java.base/java.util=ALL-UNNAMED
22-Sep-2025 21:48:48.475 INFO [main] org.apache.catalina.startup.VersionLoggerListener.log Command line argument: --add-opens=java.base/java.util.concurrent=ALL-UNNAMED
22-Sep-2025 21:48:48.476 INFO [main] org.apache.catalina.startup.VersionLoggerListener.log Command line argument: --add-opens=java.rmi/sun.rmi.transport=ALL-UNNAMED
22-Sep-2025 21:48:48.476 INFO [main] org.apache.catalina.startup.VersionLoggerListener.log Command line argument: -Dcatalina.home=C:\Program Files\Appache\apache-tomcat-9.0.109\apache-tomcat-9.0.109
22-Sep-2025 21:48:48.476 INFO [main] org.apache.catalina.startup.VersionLoggerListener.log Command line argument: -Dcatalina.base=C:\Users\Home\IdeaProjects\Servlet3
22-Sep-2025 21:48:48.476 INFO [main] org.apache.catalina.startup.VersionLoggerListener.log Command line argument: -Djava.io.tmpdir=C:\Users\Home\IdeaProjects\Servlet3\temp
22-Sep-2025 21:48:48.477 INFO [main] org.apache.catalina.startup.VersionLoggerListener.log Command line argument: -Djava.util.logging.config.file=C:\Users\Home\IdeaProjects\Servlet3\conf\logging.properties
22-Sep-2025 21:48:48.477 INFO [main] org.apache.catalina.startup.VersionLoggerListener.log Command line argument: -Djava.util.logging.manager=org.apache.juli.ClassLoaderLogManager
22-Sep-2025 21:48:48.477 INFO [main] org.apache.catalina.startup.VersionLoggerListener.log Command line argument: -javaagent:C:\Program Files\GIGA IDE\GIGA IDE Community Edition 2024.3\lib\idea_rt.jar=50969:C:\Program Files\GIGA IDE\GIGA IDE Community Edition 2024.3\bin
22-Sep-2025 21:48:48.477 INFO [main] org.apache.catalina.startup.VersionLoggerListener.log Command line argument: -Dfile.encoding=UTF-8
22-Sep-2025 21:48:48.494 INFO [main] org.apache.catalina.core.AprLifecycleListener.lifecycleEvent The Apache Tomcat Native library which allows using OpenSSL was not found on the java.library.path: [C:\Program Files\Java\jdk-11.0.6\bin;C:\Windows\Sun\Java\bin;C:\Windows\system32;C:\Windows;C:\Program Files\Common Files\Oracle\Java\javapath;C:\ProgramData\Oracle\Java\javapath;C:\Windows\system32;C:\Windows;C:\Windows\System32\Wbem;C:\Windows\System32\WindowsPowerShell\v1.0\;C:\Windows\System32\OpenSSH\;C:\Program Files (x86)\Common Files\AxxonSoft\Ipint.DriverPack\3.0.0\;C:\Program Files\Common Files\AxxonSoft\Ipint.DriverPack\3.0.0\;C:\Program Files (x86)\Microsoft SQL Server\150\DTS\Binn\;C:\Program Files\Azure Data Studio\bin;C:\Program Files\dotnet\;C:\Program Files\Git\cmd;C:\Program Files\MySQL\MySQL Shell 8.0\bin\;C:\Users\Home\AppData\Local\Programs\Python\Python37\Scripts\;C:\Users\Home\AppData\Local\Programs\Python\Python37\;C:\Users\Home\AppData\Local\Microsoft\WindowsApps;;C:\Program Files\Azure Data Studio\bin;C:\Program Files\JetBrains\IntelliJ IDEA Community Edition 2023.2.2\bin;;C:\Users\Home\AppData\Local\Programs\Microsoft VS Code\bin;.]
22-Sep-2025 21:48:48.920 INFO [main] org.apache.coyote.AbstractProtocol.init Инициализация ProtocolHandler ["http-nio-8080"]
22-Sep-2025 21:48:48.948 INFO [main] org.apache.catalina.startup.Catalina.load Server initialization in [817] milliseconds
22-Sep-2025 21:48:49.026 INFO [main] org.apache.catalina.core.StandardService.startInternal Starting service [Catalina]
22-Sep-2025 21:48:49.027 INFO [main] org.apache.catalina.core.StandardEngine.startInternal Starting Servlet engine: [Apache Tomcat/9.0.109]
22-Sep-2025 21:48:49.037 INFO [main] org.apache.catalina.startup.HostConfig.deployDescriptor Deploying deployment descriptor [C:\Users\Home\IdeaProjects\Servlet3\conf\Catalina\localhost\ROOT.xml]
22-Sep-2025 21:48:49.118 WARNING [main] org.apache.catalina.webresources.DirResourceSet.initInternal Disabled the global canonical file name cache to protect against CVE-2024-56337 when starting the WebResourceSet at [C:\Users\Home\IdeaProjects\Servlet3\src\main\webapps] which is part of the web application []
22-Sep-2025 21:48:50.094 INFO [main] org.apache.jasper.servlet.TldScanner.scanJars At least one JAR was scanned for TLDs yet contained no TLDs. Enable debug logging for this logger for a complete list of JARs that were scanned but no TLDs were found in them. Skipping unneeded JARs during scanning can improve startup time and JSP compilation time.
22-Sep-2025 21:48:50.769 WARNING [main] org.apache.catalina.util.SessionIdGeneratorBase.createSecureRandom Creation of SecureRandom instance for session ID generation using [SHA1PRNG] took [642] milliseconds.
22-Sep-2025 21:48:50.791 INFO [main] org.apache.catalina.startup.HostConfig.deployDescriptor Deployment of deployment descriptor [C:\Users\Home\IdeaProjects\Servlet3\conf\Catalina\localhost\ROOT.xml] has finished in [1 754] ms
22-Sep-2025 21:48:50.797 INFO [main] org.apache.coyote.AbstractProtocol.start Starting ProtocolHandler ["http-nio-8080"]
22-Sep-2025 21:48:51.458 INFO [main] org.apache.catalina.startup.Catalina.start Server startup in [2509] milliseconds
22-Sep-2025 21:49:18.704 INFO [Thread-1] org.apache.coyote.AbstractProtocol.pause Pausing ProtocolHandler ["http-nio-8080"]
22-Sep-2025 21:49:19.792 INFO [Thread-1] org.apache.catalina.core.StandardService.stopInternal Stopping service [Catalina]
22-Sep-2025 21:49:19.808 INFO [Thread-1] org.apache.coyote.AbstractProtocol.stop Stopping ProtocolHandler ["http-nio-8080"]
22-Sep-2025 21:49:19.821 INFO [Thread-1] org.apache.coyote.AbstractProtocol.destroy Destroying ProtocolHandler ["http-nio-8080"]
22-Sep-2025 21:50:48.988 INFO [main] org.apache.catalina.startup.VersionLoggerListener.log Имя версии сервера:    Apache Tomcat/9.0.109
22-Sep-2025 21:50:48.997 INFO [main] org.apache.catalina.startup.VersionLoggerListener.log Сервер собран:         Sep 1 2025 12:15:33 UTC
22-Sep-2025 21:50:48.998 INFO [main] org.apache.catalina.startup.VersionLoggerListener.log Номер версии сервера:  9.0.109.0
22-Sep-2025 21:50:48.998 INFO [main] org.apache.catalina.startup.VersionLoggerListener.log OS Name:               Windows 10
22-Sep-2025 21:50:48.998 INFO [main] org.apache.catalina.startup.VersionLoggerListener.log Версия ОС:             10.0
22-Sep-2025 21:50:48.998 INFO [main] org.apache.catalina.startup.VersionLoggerListener.log Архитектура:           amd64
22-Sep-2025 21:50:48.999 INFO [main] org.apache.catalina.startup.VersionLoggerListener.log Java Home:             C:\Program Files\Java\jdk-11.0.6
22-Sep-2025 21:50:48.999 INFO [main] org.apache.catalina.startup.VersionLoggerListener.log Версия JVM:            11.0.6+8-LTS
22-Sep-2025 21:50:48.999 INFO [main] org.apache.catalina.startup.VersionLoggerListener.log Производитель JVM:     Oracle Corporation
22-Sep-2025 21:50:48.999 INFO [main] org.apache.catalina.startup.VersionLoggerListener.log CATALINA_BASE:         C:\Users\Home\IdeaProjects\Servlet3
22-Sep-2025 21:50:48.999 INFO [main] org.apache.catalina.startup.VersionLoggerListener.log CATALINA_HOME:         C:\Program Files\Appache\apache-tomcat-9.0.109\apache-tomcat-9.0.109
22-Sep-2025 21:50:49.012 INFO [main] org.apache.catalina.startup.VersionLoggerListener.log Command line argument: --add-opens=java.base/java.lang=ALL-UNNAMED
22-Sep-2025 21:50:49.012 INFO [main] org.apache.catalina.startup.VersionLoggerListener.log Command line argument: --add-opens=java.base/java.io=ALL-UNNAMED
22-Sep-2025 21:50:49.012 INFO [main] org.apache.catalina.startup.VersionLoggerListener.log Command line argument: --add-opens=java.base/java.util=ALL-UNNAMED
22-Sep-2025 21:50:49.012 INFO [main] org.apache.catalina.startup.VersionLoggerListener.log Command line argument: --add-opens=java.base/java.util.concurrent=ALL-UNNAMED
22-Sep-2025 21:50:49.013 INFO [main] org.apache.catalina.startup.VersionLoggerListener.log Command line argument: --add-opens=java.rmi/sun.rmi.transport=ALL-UNNAMED
22-Sep-2025 21:50:49.013 INFO [main] org.apache.catalina.startup.VersionLoggerListener.log Command line argument: -Dcatalina.home=C:\Program Files\Appache\apache-tomcat-9.0.109\apache-tomcat-9.0.109
22-Sep-2025 21:50:49.013 INFO [main] org.apache.catalina.startup.VersionLoggerListener.log Command line argument: -Dcatalina.base=C:\Users\Home\IdeaProjects\Servlet3
22-Sep-2025 21:50:49.013 INFO [main] org.apache.catalina.startup.VersionLoggerListener.log Command line argument: -Djava.io.tmpdir=C:\Users\Home\IdeaProjects\Servlet3\temp
22-Sep-2025 21:50:49.013 INFO [main] org.apache.catalina.startup.VersionLoggerListener.log Command line argument: -Djava.util.logging.config.file=C:\Users\Home\IdeaProjects\Servlet3\conf\logging.properties
22-Sep-2025 21:50:49.013 INFO [main] org.apache.catalina.startup.VersionLoggerListener.log Command line argument: -Djava.util.logging.manager=org.apache.juli.ClassLoaderLogManager
22-Sep-2025 21:50:49.014 INFO [main] org.apache.catalina.startup.VersionLoggerListener.log Command line argument: -javaagent:C:\Program Files\GIGA IDE\GIGA IDE Community Edition 2024.3\lib\idea_rt.jar=51206:C:\Program Files\GIGA IDE\GIGA IDE Community Edition 2024.3\bin
22-Sep-2025 21:50:49.014 INFO [main] org.apache.catalina.startup.VersionLoggerListener.log Command line argument: -Dfile.encoding=UTF-8
22-Sep-2025 21:50:49.028 INFO [main] org.apache.catalina.core.AprLifecycleListener.lifecycleEvent The Apache Tomcat Native library which allows using OpenSSL was not found on the java.library.path: [C:\Program Files\Java\jdk-11.0.6\bin;C:\Windows\Sun\Java\bin;C:\Windows\system32;C:\Windows;C:\Program Files\Common Files\Oracle\Java\javapath;C:\ProgramData\Oracle\Java\javapath;C:\Windows\system32;C:\Windows;C:\Windows\System32\Wbem;C:\Windows\System32\WindowsPowerShell\v1.0\;C:\Windows\System32\OpenSSH\;C:\Program Files (x86)\Common Files\AxxonSoft\Ipint.DriverPack\3.0.0\;C:\Program Files\Common Files\AxxonSoft\Ipint.DriverPack\3.0.0\;C:\Program Files (x86)\Microsoft SQL Server\150\DTS\Binn\;C:\Program Files\Azure Data Studio\bin;C:\Program Files\dotnet\;C:\Program Files\Git\cmd;C:\Program Files\MySQL\MySQL Shell 8.0\bin\;C:\Users\Home\AppData\Local\Programs\Python\Python37\Scripts\;C:\Users\Home\AppData\Local\Programs\Python\Python37\;C:\Users\Home\AppData\Local\Microsoft\WindowsApps;;C:\Program Files\Azure Data Studio\bin;C:\Program Files\JetBrains\IntelliJ IDEA Community Edition 2023.2.2\bin;;C:\Users\Home\AppData\Local\Programs\Microsoft VS Code\bin;.]
22-Sep-2025 21:50:49.452 INFO [main] org.apache.coyote.AbstractProtocol.init Инициализация ProtocolHandler ["http-nio-8080"]
22-Sep-2025 21:50:49.478 INFO [main] org.apache.catalina.startup.Catalina.load Server initialization in [793] milliseconds
22-Sep-2025 21:50:49.560 INFO [main] org.apache.catalina.core.StandardService.startInternal Starting service [Catalina]
22-Sep-2025 21:50:49.560 INFO [main] org.apache.catalina.core.StandardEngine.startInternal Starting Servlet engine: [Apache Tomcat/9.0.109]
22-Sep-2025 21:50:49.571 INFO [main] org.apache.catalina.startup.HostConfig.deployDescriptor Deploying deployment descriptor [C:\Users\Home\IdeaProjects\Servlet3\conf\Catalina\localhost\ROOT.xml]
22-Sep-2025 21:50:49.649 WARNING [main] org.apache.catalina.webresources.DirResourceSet.initInternal Disabled the global canonical file name cache to protect against CVE-2024-56337 when starting the WebResourceSet at [C:\Users\Home\IdeaProjects\Servlet3\target\classes] which is part of the web application []
22-Sep-2025 21:50:51.116 INFO [main] org.apache.jasper.servlet.TldScanner.scanJars At least one JAR was scanned for TLDs yet contained no TLDs. Enable debug logging for this logger for a complete list of JARs that were scanned but no TLDs were found in them. Skipping unneeded JARs during scanning can improve startup time and JSP compilation time.
22-Sep-2025 21:50:51.706 WARNING [main] org.apache.catalina.util.SessionIdGeneratorBase.createSecureRandom Creation of SecureRandom instance for session ID generation using [SHA1PRNG] took [561] milliseconds.
22-Sep-2025 21:50:51.725 INFO [main] org.apache.catalina.startup.HostConfig.deployDescriptor Deployment of deployment descriptor [C:\Users\Home\IdeaProjects\Servlet3\conf\Catalina\localhost\ROOT.xml] has finished in [2 153] ms
22-Sep-2025 21:50:51.731 INFO [main] org.apache.coyote.AbstractProtocol.start Starting ProtocolHandler ["http-nio-8080"]
22-Sep-2025 21:50:52.277 INFO [main] org.apache.catalina.startup.Catalina.start Server startup in [2799] milliseconds
22-Sep-2025 21:55:47.482 INFO [Thread-1] org.apache.coyote.AbstractProtocol.pause Pausing ProtocolHandler ["http-nio-8080"]
22-Sep-2025 21:55:48.625 INFO [Thread-1] org.apache.catalina.core.StandardService.stopInternal Stopping service [Catalina]
22-Sep-2025 21:55:48.653 INFO [Thread-1] org.apache.coyote.AbstractProtocol.stop Stopping ProtocolHandler ["http-nio-8080"]
22-Sep-2025 21:55:48.678 INFO [Thread-1] org.apache.coyote.AbstractProtocol.destroy Destroying ProtocolHandler ["http-nio-8080"]
22-Sep-2025 21:56:20.390 INFO [main] org.apache.catalina.startup.VersionLoggerListener.log Имя версии сервера:    Apache Tomcat/9.0.109
22-Sep-2025 21:56:20.397 INFO [main] org.apache.catalina.startup.VersionLoggerListener.log Сервер собран:         Sep 1 2025 12:15:33 UTC
22-Sep-2025 21:56:20.398 INFO [main] org.apache.catalina.startup.VersionLoggerListener.log Номер версии сервера:  9.0.109.0
22-Sep-2025 21:56:20.398 INFO [main] org.apache.catalina.startup.VersionLoggerListener.log OS Name:               Windows 10
22-Sep-2025 21:56:20.398 INFO [main] org.apache.catalina.startup.VersionLoggerListener.log Версия ОС:             10.0
22-Sep-2025 21:56:20.398 INFO [main] org.apache.catalina.startup.VersionLoggerListener.log Архитектура:           amd64
22-Sep-2025 21:56:20.399 INFO [main] org.apache.catalina.startup.VersionLoggerListener.log Java Home:             C:\Program Files\Java\jdk-11.0.6
22-Sep-2025 21:56:20.399 INFO [main] org.apache.catalina.startup.VersionLoggerListener.log Версия JVM:            11.0.6+8-LTS
22-Sep-2025 21:56:20.399 INFO [main] org.apache.catalina.startup.VersionLoggerListener.log Производитель JVM:     Oracle Corporation
22-Sep-2025 21:56:20.399 INFO [main] org.apache.catalina.startup.VersionLoggerListener.log CATALINA_BASE:         C:\Users\Home\IdeaProjects\Servlet3
22-Sep-2025 21:56:20.399 INFO [main] org.apache.catalina.startup.VersionLoggerListener.log CATALINA_HOME:         C:\Program Files\Appache\apache-tomcat-9.0.109\apache-tomcat-9.0.109
22-Sep-2025 21:56:20.409 INFO [main] org.apache.catalina.startup.VersionLoggerListener.log Command line argument: --add-opens=java.base/java.lang=ALL-UNNAMED
22-Sep-2025 21:56:20.409 INFO [main] org.apache.catalina.startup.VersionLoggerListener.log Command line argument: --add-opens=java.base/java.io=ALL-UNNAMED
22-Sep-2025 21:56:20.409 INFO [main] org.apache.catalina.startup.VersionLoggerListener.log Command line argument: --add-opens=java.base/java.util=ALL-UNNAMED
22-Sep-2025 21:56:20.409 INFO [main] org.apache.catalina.startup.VersionLoggerListener.log Command line argument: --add-opens=java.base/java.util.concurrent=ALL-UNNAMED
22-Sep-2025 21:56:20.409 INFO [main] org.apache.catalina.startup.VersionLoggerListener.log Command line argument: --add-opens=java.rmi/sun.rmi.transport=ALL-UNNAMED
22-Sep-2025 21:56:20.410 INFO [main] org.apache.catalina.startup.VersionLoggerListener.log Command line argument: -Dcatalina.home=C:\Program Files\Appache\apache-tomcat-9.0.109\apache-tomcat-9.0.109
22-Sep-2025 21:56:20.410 INFO [main] org.apache.catalina.startup.VersionLoggerListener.log Command line argument: -Dcatalina.base=C:\Users\Home\IdeaProjects\Servlet3
22-Sep-2025 21:56:20.410 INFO [main] org.apache.catalina.startup.VersionLoggerListener.log Command line argument: -Djava.io.tmpdir=C:\Users\Home\IdeaProjects\Servlet3\temp
22-Sep-2025 21:56:20.410 INFO [main] org.apache.catalina.startup.VersionLoggerListener.log Command line argument: -Djava.util.logging.config.file=C:\Users\Home\IdeaProjects\Servlet3\conf\logging.properties
22-Sep-2025 21:56:20.410 INFO [main] org.apache.catalina.startup.VersionLoggerListener.log Command line argument: -Djava.util.logging.manager=org.apache.juli.ClassLoaderLogManager
22-Sep-2025 21:56:20.410 INFO [main] org.apache.catalina.startup.VersionLoggerListener.log Command line argument: -javaagent:C:\Program Files\GIGA IDE\GIGA IDE Community Edition 2024.3\lib\idea_rt.jar=51379:C:\Program Files\GIGA IDE\GIGA IDE Community Edition 2024.3\bin
22-Sep-2025 21:56:20.410 INFO [main] org.apache.catalina.startup.VersionLoggerListener.log Command line argument: -Dfile.encoding=UTF-8
22-Sep-2025 21:56:20.420 INFO [main] org.apache.catalina.core.AprLifecycleListener.lifecycleEvent The Apache Tomcat Native library which allows using OpenSSL was not found on the java.library.path: [C:\Program Files\Java\jdk-11.0.6\bin;C:\Windows\Sun\Java\bin;C:\Windows\system32;C:\Windows;C:\Program Files\Common Files\Oracle\Java\javapath;C:\ProgramData\Oracle\Java\javapath;C:\Windows\system32;C:\Windows;C:\Windows\System32\Wbem;C:\Windows\System32\WindowsPowerShell\v1.0\;C:\Windows\System32\OpenSSH\;C:\Program Files (x86)\Common Files\AxxonSoft\Ipint.DriverPack\3.0.0\;C:\Program Files\Common Files\AxxonSoft\Ipint.DriverPack\3.0.0\;C:\Program Files (x86)\Microsoft SQL Server\150\DTS\Binn\;C:\Program Files\Azure Data Studio\bin;C:\Program Files\dotnet\;C:\Program Files\Git\cmd;C:\Program Files\MySQL\MySQL Shell 8.0\bin\;C:\Users\Home\AppData\Local\Programs\Python\Python37\Scripts\;C:\Users\Home\AppData\Local\Programs\Python\Python37\;C:\Users\Home\AppData\Local\Microsoft\WindowsApps;;C:\Program Files\Azure Data Studio\bin;C:\Program Files\JetBrains\IntelliJ IDEA Community Edition 2023.2.2\bin;;C:\Users\Home\AppData\Local\Programs\Microsoft VS Code\bin;.]
22-Sep-2025 21:56:20.848 INFO [main] org.apache.coyote.AbstractProtocol.init Инициализация ProtocolHandler ["http-nio-8080"]
22-Sep-2025 21:56:20.876 INFO [main] org.apache.catalina.startup.Catalina.load Server initialization in [808] milliseconds
22-Sep-2025 21:56:20.945 INFO [main] org.apache.catalina.core.StandardService.startInternal Starting service [Catalina]
22-Sep-2025 21:56:20.945 INFO [main] org.apache.catalina.core.StandardEngine.startInternal Starting Servlet engine: [Apache Tomcat/9.0.109]
22-Sep-2025 21:56:20.955 INFO [main] org.apache.catalina.startup.HostConfig.deployDescriptor Deploying deployment descriptor [C:\Users\Home\IdeaProjects\Servlet3\conf\Catalina\localhost\ROOT.xml]
22-Sep-2025 21:56:21.044 WARNING [main] org.apache.catalina.webresources.DirResourceSet.initInternal Disabled the global canonical file name cache to protect against CVE-2024-56337 when starting the WebResourceSet at [C:\Users\Home\IdeaProjects\Servlet3\target\classes] which is part of the web application []
22-Sep-2025 21:56:22.084 INFO [main] org.apache.jasper.servlet.TldScanner.scanJars At least one JAR was scanned for TLDs yet contained no TLDs. Enable debug logging for this logger for a complete list of JARs that were scanned but no TLDs were found in them. Skipping unneeded JARs during scanning can improve startup time and JSP compilation time.
22-Sep-2025 21:56:22.630 WARNING [main] org.apache.catalina.util.SessionIdGeneratorBase.createSecureRandom Creation of SecureRandom instance for session ID generation using [SHA1PRNG] took [524] milliseconds.
22-Sep-2025 21:56:22.651 INFO [main] org.apache.catalina.startup.HostConfig.deployDescriptor Deployment of deployment descriptor [C:\Users\Home\IdeaProjects\Servlet3\conf\Catalina\localhost\ROOT.xml] has finished in [1 696] ms
22-Sep-2025 21:56:22.658 INFO [main] org.apache.coyote.AbstractProtocol.start Starting ProtocolHandler ["http-nio-8080"]
22-Sep-2025 21:56:23.205 INFO [main] org.apache.catalina.startup.Catalina.start Server startup in [2329] milliseconds
22-Sep-2025 21:58:52.833 INFO [Catalina-utility-1] org.apache.catalina.startup.HostConfig.reload Reloading context []
22-Sep-2025 21:58:52.834 INFO [Catalina-utility-1] org.apache.catalina.core.StandardContext.reload Reloading Context with name [] has started
22-Sep-2025 21:58:53.630 INFO [Catalina-utility-1] org.apache.jasper.servlet.TldScanner.scanJars At least one JAR was scanned for TLDs yet contained no TLDs. Enable debug logging for this logger for a complete list of JARs that were scanned but no TLDs were found in them. Skipping unneeded JARs during scanning can improve startup time and JSP compilation time.
22-Sep-2025 21:58:53.640 INFO [Catalina-utility-1] org.apache.catalina.core.StandardContext.reload Reloading Context with name [] is completed
22-Sep-2025 21:59:07.536 INFO [Thread-1] org.apache.coyote.AbstractProtocol.pause Pausing ProtocolHandler ["http-nio-8080"]
22-Sep-2025 21:59:08.590 INFO [Thread-1] org.apache.catalina.core.StandardService.stopInternal Stopping service [Catalina]
22-Sep-2025 21:59:08.600 INFO [Thread-1] org.apache.coyote.AbstractProtocol.stop Stopping ProtocolHandler ["http-nio-8080"]
22-Sep-2025 21:59:08.605 INFO [Thread-1] org.apache.coyote.AbstractProtocol.destroy Destroying ProtocolHandler ["http-nio-8080"]
22-Sep-2025 21:59:14.467 INFO [main] org.apache.catalina.startup.VersionLoggerListener.log Имя версии сервера:    Apache Tomcat/9.0.109
22-Sep-2025 21:59:14.472 INFO [main] org.apache.catalina.startup.VersionLoggerListener.log Сервер собран:         Sep 1 2025 12:15:33 UTC
22-Sep-2025 21:59:14.473 INFO [main] org.apache.catalina.startup.VersionLoggerListener.log Номер версии сервера:  9.0.109.0
22-Sep-2025 21:59:14.473 INFO [main] org.apache.catalina.startup.VersionLoggerListener.log OS Name:               Windows 10
22-Sep-2025 21:59:14.473 INFO [main] org.apache.catalina.startup.VersionLoggerListener.log Версия ОС:             10.0
22-Sep-2025 21:59:14.474 INFO [main] org.apache.catalina.startup.VersionLoggerListener.log Архитектура:           amd64
22-Sep-2025 21:59:14.474 INFO [main] org.apache.catalina.startup.VersionLoggerListener.log Java Home:             C:\Program Files\Java\jdk-11.0.6
22-Sep-2025 21:59:14.474 INFO [main] org.apache.catalina.startup.VersionLoggerListener.log Версия JVM:            11.0.6+8-LTS
22-Sep-2025 21:59:14.474 INFO [main] org.apache.catalina.startup.VersionLoggerListener.log Производитель JVM:     Oracle Corporation
22-Sep-2025 21:59:14.474 INFO [main] org.apache.catalina.startup.VersionLoggerListener.log CATALINA_BASE:         C:\Users\Home\IdeaProjects\Servlet3
22-Sep-2025 21:59:14.474 INFO [main] org.apache.catalina.startup.VersionLoggerListener.log CATALINA_HOME:         C:\Program Files\Appache\apache-tomcat-9.0.109\apache-tomcat-9.0.109
22-Sep-2025 21:59:14.484 INFO [main] org.apache.catalina.startup.VersionLoggerListener.log Command line argument: --add-opens=java.base/java.lang=ALL-UNNAMED
22-Sep-2025 21:59:14.484 INFO [main] org.apache.catalina.startup.VersionLoggerListener.log Command line argument: --add-opens=java.base/java.io=ALL-UNNAMED
22-Sep-2025 21:59:14.484 INFO [main] org.apache.catalina.startup.VersionLoggerListener.log Command line argument: --add-opens=java.base/java.util=ALL-UNNAMED
22-Sep-2025 21:59:14.484 INFO [main] org.apache.catalina.startup.VersionLoggerListener.log Command line argument: --add-opens=java.base/java.util.concurrent=ALL-UNNAMED
22-Sep-2025 21:59:14.485 INFO [main] org.apache.catalina.startup.VersionLoggerListener.log Command line argument: --add-opens=java.rmi/sun.rmi.transport=ALL-UNNAMED
22-Sep-2025 21:59:14.485 INFO [main] org.apache.catalina.startup.VersionLoggerListener.log Command line argument: -Dcatalina.home=C:\Program Files\Appache\apache-tomcat-9.0.109\apache-tomcat-9.0.109
22-Sep-2025 21:59:14.485 INFO [main] org.apache.catalina.startup.VersionLoggerListener.log Command line argument: -Dcatalina.base=C:\Users\Home\IdeaProjects\Servlet3
22-Sep-2025 21:59:14.485 INFO [main] org.apache.catalina.startup.VersionLoggerListener.log Command line argument: -Djava.io.tmpdir=C:\Users\Home\IdeaProjects\Servlet3\temp
22-Sep-2025 21:59:14.485 INFO [main] org.apache.catalina.startup.VersionLoggerListener.log Command line argument: -Djava.util.logging.config.file=C:\Users\Home\IdeaProjects\Servlet3\conf\logging.properties
22-Sep-2025 21:59:14.485 INFO [main] org.apache.catalina.startup.VersionLoggerListener.log Command line argument: -Djava.util.logging.manager=org.apache.juli.ClassLoaderLogManager
22-Sep-2025 21:59:14.485 INFO [main] org.apache.catalina.startup.VersionLoggerListener.log Command line argument: -javaagent:C:\Program Files\GIGA IDE\GIGA IDE Community Edition 2024.3\lib\idea_rt.jar=51410:C:\Program Files\GIGA IDE\GIGA IDE Community Edition 2024.3\bin
22-Sep-2025 21:59:14.485 INFO [main] org.apache.catalina.startup.VersionLoggerListener.log Command line argument: -Dfile.encoding=UTF-8
22-Sep-2025 21:59:14.495 INFO [main] org.apache.catalina.core.AprLifecycleListener.lifecycleEvent The Apache Tomcat Native library which allows using OpenSSL was not found on the java.library.path: [C:\Program Files\Java\jdk-11.0.6\bin;C:\Windows\Sun\Java\bin;C:\Windows\system32;C:\Windows;C:\Program Files\Common Files\Oracle\Java\javapath;C:\ProgramData\Oracle\Java\javapath;C:\Windows\system32;C:\Windows;C:\Windows\System32\Wbem;C:\Windows\System32\WindowsPowerShell\v1.0\;C:\Windows\System32\OpenSSH\;C:\Program Files (x86)\Common Files\AxxonSoft\Ipint.DriverPack\3.0.0\;C:\Program Files\Common Files\AxxonSoft\Ipint.DriverPack\3.0.0\;C:\Program Files (x86)\Microsoft SQL Server\150\DTS\Binn\;C:\Program Files\Azure Data Studio\bin;C:\Program Files\dotnet\;C:\Program Files\Git\cmd;C:\Program Files\MySQL\MySQL Shell 8.0\bin\;C:\Users\Home\AppData\Local\Programs\Python\Python37\Scripts\;C:\Users\Home\AppData\Local\Programs\Python\Python37\;C:\Users\Home\AppData\Local\Microsoft\WindowsApps;;C:\Program Files\Azure Data Studio\bin;C:\Program Files\JetBrains\IntelliJ IDEA Community Edition 2023.2.2\bin;;C:\Users\Home\AppData\Local\Programs\Microsoft VS Code\bin;.]
22-Sep-2025 21:59:14.882 INFO [main] org.apache.coyote.AbstractProtocol.init Инициализация ProtocolHandler ["http-nio-8080"]
22-Sep-2025 21:59:14.910 INFO [main] org.apache.catalina.startup.Catalina.load Server initialization in [716] milliseconds
22-Sep-2025 21:59:14.984 INFO [main] org.apache.catalina.core.StandardService.startInternal Starting service [Catalina]
22-Sep-2025 21:59:14.984 INFO [main] org.apache.catalina.core.StandardEngine.startInternal Starting Servlet engine: [Apache Tomcat/9.0.109]
22-Sep-2025 21:59:14.997 INFO [main] org.apache.catalina.startup.HostConfig.deployDescriptor Deploying deployment descriptor [C:\Users\Home\IdeaProjects\Servlet3\conf\Catalina\localhost\ROOT.xml]
22-Sep-2025 21:59:15.064 WARNING [main] org.apache.catalina.webresources.DirResourceSet.initInternal Disabled the global canonical file name cache to protect against CVE-2024-56337 when starting the WebResourceSet at [C:\Users\Home\IdeaProjects\Servlet3\target\classes] which is part of the web application []
22-Sep-2025 21:59:16.442 INFO [main] org.apache.jasper.servlet.TldScanner.scanJars At least one JAR was scanned for TLDs yet contained no TLDs. Enable debug logging for this logger for a complete list of JARs that were scanned but no TLDs were found in them. Skipping unneeded JARs during scanning can improve startup time and JSP compilation time.
22-Sep-2025 21:59:17.125 WARNING [main] org.apache.catalina.util.SessionIdGeneratorBase.createSecureRandom Creation of SecureRandom instance for session ID generation using [SHA1PRNG] took [642] milliseconds.
22-Sep-2025 21:59:17.147 INFO [main] org.apache.catalina.startup.HostConfig.deployDescriptor Deployment of deployment descriptor [C:\Users\Home\IdeaProjects\Servlet3\conf\Catalina\localhost\ROOT.xml] has finished in [2 150] ms
22-Sep-2025 21:59:17.154 INFO [main] org.apache.coyote.AbstractProtocol.start Starting ProtocolHandler ["http-nio-8080"]
22-Sep-2025 21:59:17.711 INFO [main] org.apache.catalina.startup.Catalina.start Server startup in [2801] milliseconds
22-Sep-2025 21:59:27.778 INFO [Thread-1] org.apache.coyote.AbstractProtocol.pause Pausing ProtocolHandler ["http-nio-8080"]
22-Sep-2025 21:59:28.899 INFO [Thread-1] org.apache.catalina.core.StandardService.stopInternal Stopping service [Catalina]
22-Sep-2025 21:59:28.918 INFO [Thread-1] org.apache.coyote.AbstractProtocol.stop Stopping ProtocolHandler ["http-nio-8080"]
22-Sep-2025 21:59:28.929 INFO [Thread-1] org.apache.coyote.AbstractProtocol.destroy Destroying ProtocolHandler ["http-nio-8080"]
22-Sep-2025 21:59:49.773 INFO [main] org.apache.catalina.startup.VersionLoggerListener.log Имя версии сервера:    Apache Tomcat/9.0.109
22-Sep-2025 21:59:49.778 INFO [main] org.apache.catalina.startup.VersionLoggerListener.log Сервер собран:         Sep 1 2025 12:15:33 UTC
22-Sep-2025 21:59:49.779 INFO [main] org.apache.catalina.startup.VersionLoggerListener.log Номер версии сервера:  9.0.109.0
22-Sep-2025 21:59:49.779 INFO [main] org.apache.catalina.startup.VersionLoggerListener.log OS Name:               Windows 10
22-Sep-2025 21:59:49.779 INFO [main] org.apache.catalina.startup.VersionLoggerListener.log Версия ОС:             10.0
22-Sep-2025 21:59:49.779 INFO [main] org.apache.catalina.startup.VersionLoggerListener.log Архитектура:           amd64
22-Sep-2025 21:59:49.780 INFO [main] org.apache.catalina.startup.VersionLoggerListener.log Java Home:             C:\Program Files\Java\jdk-11.0.6
22-Sep-2025 21:59:49.780 INFO [main] org.apache.catalina.startup.VersionLoggerListener.log Версия JVM:            11.0.6+8-LTS
22-Sep-2025 21:59:49.780 INFO [main] org.apache.catalina.startup.VersionLoggerListener.log Производитель JVM:     Oracle Corporation
22-Sep-2025 21:59:49.781 INFO [main] org.apache.catalina.startup.VersionLoggerListener.log CATALINA_BASE:         C:\Users\Home\IdeaProjects\Servlet3
22-Sep-2025 21:59:49.781 INFO [main] org.apache.catalina.startup.VersionLoggerListener.log CATALINA_HOME:         C:\Program Files\Appache\apache-tomcat-9.0.109\apache-tomcat-9.0.109
22-Sep-2025 21:59:49.790 INFO [main] org.apache.catalina.startup.VersionLoggerListener.log Command line argument: --add-opens=java.base/java.lang=ALL-UNNAMED
22-Sep-2025 21:59:49.791 INFO [main] org.apache.catalina.startup.VersionLoggerListener.log Command line argument: --add-opens=java.base/java.io=ALL-UNNAMED
22-Sep-2025 21:59:49.791 INFO [main] org.apache.catalina.startup.VersionLoggerListener.log Command line argument: --add-opens=java.base/java.util=ALL-UNNAMED
22-Sep-2025 21:59:49.791 INFO [main] org.apache.catalina.startup.VersionLoggerListener.log Command line argument: --add-opens=java.base/java.util.concurrent=ALL-UNNAMED
22-Sep-2025 21:59:49.791 INFO [main] org.apache.catalina.startup.VersionLoggerListener.log Command line argument: --add-opens=java.rmi/sun.rmi.transport=ALL-UNNAMED
22-Sep-2025 21:59:49.791 INFO [main] org.apache.catalina.startup.VersionLoggerListener.log Command line argument: -Dcatalina.home=C:\Program Files\Appache\apache-tomcat-9.0.109\apache-tomcat-9.0.109
22-Sep-2025 21:59:49.791 INFO [main] org.apache.catalina.startup.VersionLoggerListener.log Command line argument: -Dcatalina.base=C:\Users\Home\IdeaProjects\Servlet3
22-Sep-2025 21:59:49.791 INFO [main] org.apache.catalina.startup.VersionLoggerListener.log Command line argument: -Djava.io.tmpdir=C:\Users\Home\IdeaProjects\Servlet3\temp
22-Sep-2025 21:59:49.792 INFO [main] org.apache.catalina.startup.VersionLoggerListener.log Command line argument: -Djava.util.logging.config.file=C:\Users\Home\IdeaProjects\Servlet3\conf\logging.properties
22-Sep-2025 21:59:49.792 INFO [main] org.apache.catalina.startup.VersionLoggerListener.log Command line argument: -Djava.util.logging.manager=org.apache.juli.ClassLoaderLogManager
22-Sep-2025 21:59:49.792 INFO [main] org.apache.catalina.startup.VersionLoggerListener.log Command line argument: -javaagent:C:\Program Files\GIGA IDE\GIGA IDE Community Edition 2024.3\lib\idea_rt.jar=51427:C:\Program Files\GIGA IDE\GIGA IDE Community Edition 2024.3\bin
22-Sep-2025 21:59:49.792 INFO [main] org.apache.catalina.startup.VersionLoggerListener.log Command line argument: -Dfile.encoding=UTF-8
22-Sep-2025 21:59:49.806 INFO [main] org.apache.catalina.core.AprLifecycleListener.lifecycleEvent The Apache Tomcat Native library which allows using OpenSSL was not found on the java.library.path: [C:\Program Files\Java\jdk-11.0.6\bin;C:\Windows\Sun\Java\bin;C:\Windows\system32;C:\Windows;C:\Program Files\Common Files\Oracle\Java\javapath;C:\ProgramData\Oracle\Java\javapath;C:\Windows\system32;C:\Windows;C:\Windows\System32\Wbem;C:\Windows\System32\WindowsPowerShell\v1.0\;C:\Windows\System32\OpenSSH\;C:\Program Files (x86)\Common Files\AxxonSoft\Ipint.DriverPack\3.0.0\;C:\Program Files\Common Files\AxxonSoft\Ipint.DriverPack\3.0.0\;C:\Program Files (x86)\Microsoft SQL Server\150\DTS\Binn\;C:\Program Files\Azure Data Studio\bin;C:\Program Files\dotnet\;C:\Program Files\Git\cmd;C:\Program Files\MySQL\MySQL Shell 8.0\bin\;C:\Users\Home\AppData\Local\Programs\Python\Python37\Scripts\;C:\Users\Home\AppData\Local\Programs\Python\Python37\;C:\Users\Home\AppData\Local\Microsoft\WindowsApps;;C:\Program Files\Azure Data Studio\bin;C:\Program Files\JetBrains\IntelliJ IDEA Community Edition 2023.2.2\bin;;C:\Users\Home\AppData\Local\Programs\Microsoft VS Code\bin;.]
22-Sep-2025 21:59:50.218 INFO [main] org.apache.coyote.AbstractProtocol.init Инициализация ProtocolHandler ["http-nio-8080"]
22-Sep-2025 21:59:50.244 INFO [main] org.apache.catalina.startup.Catalina.load Server initialization in [755] milliseconds
22-Sep-2025 21:59:50.321 INFO [main] org.apache.catalina.core.StandardService.startInternal Starting service [Catalina]
22-Sep-2025 21:59:50.321 INFO [main] org.apache.catalina.core.StandardEngine.startInternal Starting Servlet engine: [Apache Tomcat/9.0.109]
22-Sep-2025 21:59:50.331 INFO [main] org.apache.catalina.startup.HostConfig.deployDescriptor Deploying deployment descriptor [C:\Users\Home\IdeaProjects\Servlet3\conf\Catalina\localhost\ROOT.xml]
22-Sep-2025 21:59:50.402 WARNING [main] org.apache.catalina.webresources.DirResourceSet.initInternal Disabled the global canonical file name cache to protect against CVE-2024-56337 when starting the WebResourceSet at [C:\Users\Home\IdeaProjects\Servlet3\target\classes] which is part of the web application []
22-Sep-2025 21:59:51.841 INFO [main] org.apache.jasper.servlet.TldScanner.scanJars At least one JAR was scanned for TLDs yet contained no TLDs. Enable debug logging for this logger for a complete list of JARs that were scanned but no TLDs were found in them. Skipping unneeded JARs during scanning can improve startup time and JSP compilation time.
22-Sep-2025 21:59:52.485 WARNING [main] org.apache.catalina.util.SessionIdGeneratorBase.createSecureRandom Creation of SecureRandom instance for session ID generation using [SHA1PRNG] took [599] milliseconds.
22-Sep-2025 21:59:52.504 INFO [main] org.apache.catalina.startup.HostConfig.deployDescriptor Deployment of deployment descriptor [C:\Users\Home\IdeaProjects\Servlet3\conf\Catalina\localhost\ROOT.xml] has finished in [2 173] ms
22-Sep-2025 21:59:52.511 INFO [main] org.apache.coyote.AbstractProtocol.start Starting ProtocolHandler ["http-nio-8080"]
22-Sep-2025 21:59:53.073 INFO [main] org.apache.catalina.startup.Catalina.start Server startup in [2829] milliseconds
22-Sep-2025 22:01:21.480 INFO [Thread-1] org.apache.coyote.AbstractProtocol.pause Pausing ProtocolHandler ["http-nio-8080"]
22-Sep-2025 22:01:22.520 INFO [Thread-1] org.apache.catalina.core.StandardService.stopInternal Stopping service [Catalina]
22-Sep-2025 22:01:22.538 INFO [Thread-1] org.apache.coyote.AbstractProtocol.stop Stopping ProtocolHandler ["http-nio-8080"]
22-Sep-2025 22:01:22.551 INFO [Thread-1] org.apache.coyote.AbstractProtocol.destroy Destroying ProtocolHandler ["http-nio-8080"]
22-Sep-2025 22:03:02.047 INFO [main] org.apache.catalina.startup.VersionLoggerListener.log Имя версии сервера:    Apache Tomcat/9.0.109
22-Sep-2025 22:03:02.056 INFO [main] org.apache.catalina.startup.VersionLoggerListener.log Сервер собран:         Sep 1 2025 12:15:33 UTC
22-Sep-2025 22:03:02.056 INFO [main] org.apache.catalina.startup.VersionLoggerListener.log Номер версии сервера:  9.0.109.0
22-Sep-2025 22:03:02.056 INFO [main] org.apache.catalina.startup.VersionLoggerListener.log OS Name:               Windows 10
22-Sep-2025 22:03:02.057 INFO [main] org.apache.catalina.startup.VersionLoggerListener.log Версия ОС:             10.0
22-Sep-2025 22:03:02.057 INFO [main] org.apache.catalina.startup.VersionLoggerListener.log Архитектура:           amd64
22-Sep-2025 22:03:02.057 INFO [main] org.apache.catalina.startup.VersionLoggerListener.log Java Home:             C:\Program Files\Java\jdk-11.0.6
22-Sep-2025 22:03:02.057 INFO [main] org.apache.catalina.startup.VersionLoggerListener.log Версия JVM:            11.0.6+8-LTS
22-Sep-2025 22:03:02.058 INFO [main] org.apache.catalina.startup.VersionLoggerListener.log Производитель JVM:     Oracle Corporation
22-Sep-2025 22:03:02.058 INFO [main] org.apache.catalina.startup.VersionLoggerListener.log CATALINA_BASE:         C:\Users\Home\IdeaProjects\Servlet3
22-Sep-2025 22:03:02.058 INFO [main] org.apache.catalina.startup.VersionLoggerListener.log CATALINA_HOME:         C:\Program Files\Appache\apache-tomcat-9.0.109\apache-tomcat-9.0.109
22-Sep-2025 22:03:02.074 INFO [main] org.apache.catalina.startup.VersionLoggerListener.log Command line argument: --add-opens=java.base/java.lang=ALL-UNNAMED
22-Sep-2025 22:03:02.075 INFO [main] org.apache.catalina.startup.VersionLoggerListener.log Command line argument: --add-opens=java.base/java.io=ALL-UNNAMED
22-Sep-2025 22:03:02.075 INFO [main] org.apache.catalina.startup.VersionLoggerListener.log Command line argument: --add-opens=java.base/java.util=ALL-UNNAMED
22-Sep-2025 22:03:02.075 INFO [main] org.apache.catalina.startup.VersionLoggerListener.log Command line argument: --add-opens=java.base/java.util.concurrent=ALL-UNNAMED
22-Sep-2025 22:03:02.076 INFO [main] org.apache.catalina.startup.VersionLoggerListener.log Command line argument: --add-opens=java.rmi/sun.rmi.transport=ALL-UNNAMED
22-Sep-2025 22:03:02.076 INFO [main] org.apache.catalina.startup.VersionLoggerListener.log Command line argument: -Dcatalina.home=C:\Program Files\Appache\apache-tomcat-9.0.109\apache-tomcat-9.0.109
22-Sep-2025 22:03:02.076 INFO [main] org.apache.catalina.startup.VersionLoggerListener.log Command line argument: -Dcatalina.base=C:\Users\Home\IdeaProjects\Servlet3
22-Sep-2025 22:03:02.076 INFO [main] org.apache.catalina.startup.VersionLoggerListener.log Command line argument: -Djava.io.tmpdir=C:\Users\Home\IdeaProjects\Servlet3\temp
22-Sep-2025 22:03:02.076 INFO [main] org.apache.catalina.startup.VersionLoggerListener.log Command line argument: -Djava.util.logging.config.file=C:\Users\Home\IdeaProjects\Servlet3\conf\logging.properties
22-Sep-2025 22:03:02.077 INFO [main] org.apache.catalina.startup.VersionLoggerListener.log Command line argument: -Djava.util.logging.manager=org.apache.juli.ClassLoaderLogManager
22-Sep-2025 22:03:02.077 INFO [main] org.apache.catalina.startup.VersionLoggerListener.log Command line argument: -javaagent:C:\Program Files\GIGA IDE\GIGA IDE Community Edition 2024.3\lib\idea_rt.jar=51484:C:\Program Files\GIGA IDE\GIGA IDE Community Edition 2024.3\bin
22-Sep-2025 22:03:02.077 INFO [main] org.apache.catalina.startup.VersionLoggerListener.log Command line argument: -Dfile.encoding=UTF-8
22-Sep-2025 22:03:02.088 INFO [main] org.apache.catalina.core.AprLifecycleListener.lifecycleEvent The Apache Tomcat Native library which allows using OpenSSL was not found on the java.library.path: [C:\Program Files\Java\jdk-11.0.6\bin;C:\Windows\Sun\Java\bin;C:\Windows\system32;C:\Windows;C:\Program Files\Common Files\Oracle\Java\javapath;C:\ProgramData\Oracle\Java\javapath;C:\Windows\system32;C:\Windows;C:\Windows\System32\Wbem;C:\Windows\System32\WindowsPowerShell\v1.0\;C:\Windows\System32\OpenSSH\;C:\Program Files (x86)\Common Files\AxxonSoft\Ipint.DriverPack\3.0.0\;C:\Program Files\Common Files\AxxonSoft\Ipint.DriverPack\3.0.0\;C:\Program Files (x86)\Microsoft SQL Server\150\DTS\Binn\;C:\Program Files\Azure Data Studio\bin;C:\Program Files\dotnet\;C:\Program Files\Git\cmd;C:\Program Files\MySQL\MySQL Shell 8.0\bin\;C:\Users\Home\AppData\Local\Programs\Python\Python37\Scripts\;C:\Users\Home\AppData\Local\Programs\Python\Python37\;C:\Users\Home\AppData\Local\Microsoft\WindowsApps;;C:\Program Files\Azure Data Studio\bin;C:\Program Files\JetBrains\IntelliJ IDEA Community Edition 2023.2.2\bin;;C:\Users\Home\AppData\Local\Programs\Microsoft VS Code\bin;.]
22-Sep-2025 22:03:02.479 INFO [main] org.apache.coyote.AbstractProtocol.init Инициализация ProtocolHandler ["http-nio-8080"]
22-Sep-2025 22:03:02.504 INFO [main] org.apache.catalina.startup.Catalina.load Server initialization in [730] milliseconds
22-Sep-2025 22:03:02.579 INFO [main] org.apache.catalina.core.StandardService.startInternal Starting service [Catalina]
22-Sep-2025 22:03:02.579 INFO [main] org.apache.catalina.core.StandardEngine.startInternal Starting Servlet engine: [Apache Tomcat/9.0.109]
22-Sep-2025 22:03:02.594 INFO [main] org.apache.catalina.startup.HostConfig.deployDescriptor Deploying deployment descriptor [C:\Users\Home\IdeaProjects\Servlet3\conf\Catalina\localhost\ROOT.xml]
22-Sep-2025 22:03:02.677 WARNING [main] org.apache.catalina.webresources.DirResourceSet.initInternal Disabled the global canonical file name cache to protect against CVE-2024-56337 when starting the WebResourceSet at [C:\Users\Home\IdeaProjects\Servlet3\target\classes] which is part of the web application []
22-Sep-2025 22:03:03.977 INFO [main] org.apache.jasper.servlet.TldScanner.scanJars At least one JAR was scanned for TLDs yet contained no TLDs. Enable debug logging for this logger for a complete list of JARs that were scanned but no TLDs were found in them. Skipping unneeded JARs during scanning can improve startup time and JSP compilation time.
22-Sep-2025 22:03:04.535 WARNING [main] org.apache.catalina.util.SessionIdGeneratorBase.createSecureRandom Creation of SecureRandom instance for session ID generation using [SHA1PRNG] took [534] milliseconds.
22-Sep-2025 22:03:04.555 INFO [main] org.apache.catalina.startup.HostConfig.deployDescriptor Deployment of deployment descriptor [C:\Users\Home\IdeaProjects\Servlet3\conf\Catalina\localhost\ROOT.xml] has finished in [1 961] ms
22-Sep-2025 22:03:04.562 INFO [main] org.apache.coyote.AbstractProtocol.start Starting ProtocolHandler ["http-nio-8080"]
22-Sep-2025 22:03:05.111 INFO [main] org.apache.catalina.startup.Catalina.start Server startup in [2606] milliseconds
22-Sep-2025 22:04:08.861 INFO [Thread-1] org.apache.coyote.AbstractProtocol.pause Pausing ProtocolHandler ["http-nio-8080"]
22-Sep-2025 22:04:09.923 INFO [Thread-1] org.apache.catalina.core.StandardService.stopInternal Stopping service [Catalina]
22-Sep-2025 22:04:09.938 INFO [Thread-1] org.apache.coyote.AbstractProtocol.stop Stopping ProtocolHandler ["http-nio-8080"]
22-Sep-2025 22:04:09.955 INFO [Thread-1] org.apache.coyote.AbstractProtocol.destroy Destroying ProtocolHandler ["http-nio-8080"]
